---
source: src/tests.rs
expression: result
---
`crate::DoesNotExist` not found. Did you mean one of these?

• `crate::TestEnum` (Enum)
• `crate::GenericStruct` (Struct)
• `crate::TEST_CONSTANT` (Constant)
• `crate::ComplexTrait` (Trait)
• `crate::UnitStruct` (Struct)
