---
source: src/tests.rs
expression: normalized_result
---
Set context to /TEST_CRATE_ROOT
