---
source: src/tests.rs
expression: result
---
Search results for 'trigger line-based truncation' in crate 'test-crate':

â€¢ test-crate::TestTrait (Trait) - score: 85
    A trait for testing extremely long documentation that exceeds line limits. [+22 more lines]
